src/pages/dashboard/Donors.tsx(83,34): error TS2503: Cannot find namespace 'React'.
